
**************************************************************
 Geant4 version Name: geant4-11-05-beta-01 [MT]   (26-June-2026)
                       Copyright : Geant4 Collaboration
                      References : NIM A 506 (2003), 250-303
                                 : IEEE-TNS 53 (2006), 270-278
                                 : NIM A 835 (2016), 186-225
                             WWW : http://geant4.org/
**************************************************************

Visualization Manager instantiating with verbosity "warnings (3)"...
Visualization Manager initialising...
Registering graphics systems...

You have successfully registered the following graphics systems.
Registered graphics systems are:
  ASCIITree (ATree)
  DAWNFILE (DAWNFILE)
  RayTracer (RT)
  VRML2FILE (VRML2FILE)
  gMocrenFile (gMocrenFile)
  TOOLSSG_OFFSCREEN (TSG_OFFSCREEN, TSG_FILE)
  OpenGLImmediateQt (OGLIQt, OGLI)
  OpenGLStoredQt (OGLSQt, OGLS)
  RayTracerQt (RTQt)
  TOOLSSG_QT_GLES (TSG_QT_GLES, TSGQt, TSG, OGL)
  TOOLSSG_QT_ZB (TSG_QT_ZB, TSGQtZB, TSGZB)
You may choose a graphics system (driver) with a parameter of
the command "/vis/open" or "/vis/sceneHandler/create",
or you may omit the driver parameter and choose at run time:
- by argument in the construction of G4VisExecutive;
- by environment variable "G4VIS_DEFAULT_DRIVER";
- by entry in "~/.g4session";
- by build flags.
- Note: This feature is not allowed in batch mode.
For further information see "examples/basic/B1/exampleB1.cc"
and "vis.mac".

Registering model factories...

You have successfully registered the following model factories.
Registered model factories:
  generic
  drawByAttribute
  drawByCharge
  drawByOriginVolume
  drawByParticleID
  drawByEncounteredVolume

Registered models:
  None

Registered filter factories:
  attributeFilter
  chargeFilter
  originVolumeFilter
  particleFilter
  encounteredVolumeFilter

Registered filters:
  None

You have successfully registered the following user vis actions.
Run Duration User Vis Actions: none
End of Event User Vis Actions: none
End of Run User Vis Actions: none

Some /vis commands (optionally) take a string to specify colour.
"/vis/list" to see available colours.

-------- WWWW ------- G4Exception-START -------- WWWW -------
*** G4Exception : Lattice009
      issued by : G4LatticeLogical
Lattice Al does not have charge carrier masses set.
 Bare electron mass assumed.
*** This is just a warning message. ***
-------- WWWW -------- G4Exception-END --------- WWWW -------


-------- WWWW ------- G4Exception-START -------- WWWW -------
*** G4Exception : Lattice012
      issued by : G4LatticeLogical
Lattice Al has no valley definitions.
 Assuming direct gap semiconductor with Gamma valley.
*** This is just a warning message. ***
-------- WWWW -------- G4Exception-END --------- WWWW -------


-------- WWWW ------- G4Exception-START -------- WWWW -------
*** G4Exception : Lattice009
      issued by : G4LatticeLogical
Lattice Cu does not have charge carrier masses set.
 Bare electron mass assumed.
*** This is just a warning message. ***
-------- WWWW -------- G4Exception-END --------- WWWW -------


-------- WWWW ------- G4Exception-START -------- WWWW -------
*** G4Exception : Lattice009
      issued by : G4LatticeLogical
Lattice Nb does not have charge carrier masses set.
 Bare electron mass assumed.
*** This is just a warning message. ***
-------- WWWW -------- G4Exception-END --------- WWWW -------


-------- WWWW ------- G4Exception-START -------- WWWW -------
*** G4Exception : Lattice012
      issued by : G4LatticeLogical
Lattice Nb has no valley definitions.
 Assuming direct gap semiconductor with Gamma valley.
*** This is just a warning message. ***
-------- WWWW -------- G4Exception-END --------- WWWW -------

Checking overlaps for volume SiliconChip:0 (G4Box) ... OK! 
Checking overlaps for volume SiPlusXWall:0 (G4Box) ... OK! 
Checking overlaps for volume SiMinusXWall:1 (G4Box) ... OK! 
Checking overlaps for volume SiPlusYWall:2 (G4Box) ... OK! 
Checking overlaps for volume SiMinusYWall:3 (G4Box) ... OK! 
Checking overlaps for volume GroundPlane:0 (G4SubtractionSolid) ... OK! 
Checking overlaps for volume AlPatch_0_0:0 (G4Box) ... OK! 
Checking overlaps for volume AlPatch_0_1:1 (G4Box) ... OK! 
Checking overlaps for volume AlPatch_1_0:2 (G4Box) ... OK! 
Checking overlaps for volume AlPatch_1_1:3 (G4Box) ... OK! 
Checking overlaps for volume AlPatch_2_0:4 (G4Box) ... OK! 
Checking overlaps for volume AlPatch_2_1:5 (G4Box) ... OK! 
### Run 0 starts.
--> Event 0 starts.

-------- WWWW ------- G4Exception-START -------- WWWW -------
*** G4Exception : Limit001
      issued by : G4CMPTrackLimiter
Killing track 1764518 (phononTF from parent 0) escaped from volume GroundPlane:0 at (160,18.0806,115.225)
*** This is just a warning message. ***
-------- WWWW -------- G4Exception-END --------- WWWW -------

Graphics systems deleted.
Visualization Manager deleting...
